Ищу датчик…
Нашёл: Polar H10 09A69738 [24:AC:AC:09:A6:97]
Сопряжение (bluetoothctl): да
Связь: подключено ✓
Сервис PMD: есть
Характеристика control point: свойства=[read,write,indicate]
Характеристика data: свойства=[notify]

=== Маска возможностей и договор о частоте акселерометра ===
control ← 0f05000000000000000000000000000000
чтение control point (возможности): 0f05000000000000000000000000000000
акселерометр в маске возможностей: ['ЭКГ', 'акселерометр']
control ← f0010200000004190032006400c800010110000203020004000800
ответ на запрос настроек, первый кадр: f0010200000004190032006400c800010110000203020004000800
настройки, объявленные устройством: sample rate (Гц)=[25, 50, 100, 200], resolution (бит)=[16], range (g)=[2, 4, 8]
control ← f00202000001
команда старта 0202000119000101100002010800: статус=0 (SUCCESS), кадров данных за 1.2s=0 → принято
data кадр #1: 226 байт, тип=0x01, отсчётов=36, hex=02e88f8786b54352080168fcbbff290169fcbdff23016bfcbcff310167fcbdff350167fcc0ff2c0168fcbeff2f0169fcbdff330166fcbcff340167fcbfff2f0169fcbdff2f0167fcbfff340166fcbdff340168fcc0ff350168fcc2ff300166fcc5ff320168fcb9ff30016bfcc1ff340169fcc0ff2b016afcbcff420163fcc3ff300169fcc0ff2c0168fcbfff360167fcbeff350164fcbeff36016afcbbff2a0169fcc0ff3b0166fcbeff380167fcc1ff310169fcbeff360167fcbeff330166fcbfff300169fcc2ff320168fcbfff310168fcbeff300167fcbeff2e01…(+6 байт)
data кадр #2: 226 байт, тип=0x01, отсчётов=36, hex=02d432b6dab54352080166fcc1ff350165fcc1ff2a0169fcbbff360169fcc1ff2e016cfcc3ff310169fcc1ff330167fcc2ff2f0169fcc0ff30016afcbfff330165fcc1ff2f016afcc0ff32016afcc3ff320168fcbfff370168fcbeff2f016afcc4ff33016afcc1ff310168fcc1ff320169fcbeff310169fcc0ff300168fcbfff300168fcc1ff330168fcbfff30016bfcc1ff3a0168fcc3ff330165fcc3ff2c016afcbcff3c0169fcc1ff33016bfcc3ff350168fcc0ff390167fcc3ff2e0168fcc0ff2f0168fcbfff340167fcbeff330168fcbeff31016bfcc0ff3301…(+6 байт)
data кадр #3: 226 байт, тип=0x01, отсчётов=36, hex=02b25ee42eb64352080167fcbaff380169fcbeff31016afcc0ff2f0168fcc1ff2f0167fcbeff2f0168fcc2ff2e0167fcbdff2f0168fcbcff2d0169fcbfff310168fcc3ff300164fcc5ff2c016bfcbdff29016bfcc3ff33016afcc0ff370167fcbfff300168fcc3ff25016bfcbdff2e0168fcc0ff320168fcbeff28016afcbeff28016bfcbeff2b0167fcc0ff320167fcbfff2c016afcc0ff2e0168fcc1ff300168fcc0ff330168fcbfff30016afcbfff2e016afcbeff2e016afcc0ff320167fcc3ff300165fcc5ff330167fcbdff32016bfcc4ff30016afcc4ff2b01…(+6 байт)
вариант 1 (подписка до старта) сработал за 5с после старта, кадров=3

Частота принята устройством: 25 Гц

=== Поток данных, 240 с ===
[  9.5s] кадров всего: 4, отсчётов всего: 144
[ 10.5s] кадров всего: 4, отсчётов всего: 144
[ 15.5s] кадров всего: 8, отсчётов всего: 288
[ 20.5s] кадров всего: 11, отсчётов всего: 396
[ 25.5s] кадров всего: 15, отсчётов всего: 540
[ 30.5s] кадров всего: 19, отсчётов всего: 684
[ 35.5s] кадров всего: 22, отсчётов всего: 792
[ 40.5s] кадров всего: 26, отсчётов всего: 936
[ 45.6s] кадров всего: 29, отсчётов всего: 1044
[ 50.6s] кадров всего: 33, отсчётов всего: 1188
[ 55.6s] кадров всего: 36, отсчётов всего: 1296
[ 60.6s] кадров всего: 40, отсчётов всего: 1440
[ 65.6s] кадров всего: 43, отсчётов всего: 1548
[ 70.6s] кадров всего: 47, отсчётов всего: 1692
[ 75.6s] кадров всего: 50, отсчётов всего: 1800
[ 80.6s] кадров всего: 54, отсчётов всего: 1944
[ 85.6s] кадров всего: 58, отсчётов всего: 2088
[ 90.6s] кадров всего: 61, отсчётов всего: 2196
[ 95.6s] кадров всего: 65, отсчётов всего: 2340
[100.6s] кадров всего: 68, отсчётов всего: 2448
[105.6s] кадров всего: 72, отсчётов всего: 2592
[110.6s] кадров всего: 75, отсчётов всего: 2700
[115.6s] кадров всего: 79, отсчётов всего: 2844
[120.6s] кадров всего: 82, отсчётов всего: 2952
[125.7s] кадров всего: 86, отсчётов всего: 3096
[130.7s] кадров всего: 90, отсчётов всего: 3240
[135.7s] кадров всего: 93, отсчётов всего: 3348
[140.7s] кадров всего: 97, отсчётов всего: 3492
[145.7s] кадров всего: 100, отсчётов всего: 3600
[150.7s] кадров всего: 104, отсчётов всего: 3744
[155.7s] кадров всего: 107, отсчётов всего: 3852
[160.7s] кадров всего: 111, отсчётов всего: 3996
[165.7s] кадров всего: 114, отсчётов всего: 4104
[170.7s] кадров всего: 118, отсчётов всего: 4248
[175.7s] кадров всего: 121, отсчётов всего: 4356
[180.7s] кадров всего: 125, отсчётов всего: 4500
[185.7s] кадров всего: 129, отсчётов всего: 4644
[190.7s] кадров всего: 132, отсчётов всего: 4752
[195.7s] кадров всего: 136, отсчётов всего: 4896
[200.7s] кадров всего: 139, отсчётов всего: 5004
[205.7s] кадров всего: 143, отсчётов всего: 5148
[210.8s] кадров всего: 146, отсчётов всего: 5256
[215.8s] кадров всего: 150, отсчётов всего: 5400
[220.8s] кадров всего: 153, отсчётов всего: 5508
[225.8s] кадров всего: 157, отсчётов всего: 5652
[230.8s] кадров всего: 161, отсчётов всего: 5796
[235.8s] кадров всего: 164, отсчётов всего: 5904
[240.0s] кадров всего: 167, отсчётов всего: 6012
control ← f003020000

Дамп отсчётов: /home/roman/breath_quiet.csv (6012 строк)

Итого за 240.1s: кадров 167, отсчётов 6012 (из них в пачках для БД: 6012)
фактическая частота (по кадрам потока): 25.5 Гц (запрошено 25 Гц, окно измерения 234.2s из 240.1s общего времени команды)

По осям (мг):
  X: среднее     -912  разброс     4.8  диапазон [-931, -889]
  Y: среднее      -70  разброс     4.9  диапазон [-97, -35]
  Z: среднее      331  разброс    13.9  диапазон [288, 363]

Диагностика дыхания по окнам (не метрика, только для проверки на слух/на глаз, в БД и на графики не идёт). Окно 60с, шаг 30с, оценка квантована шагом 1.0 цикл/мин:
  [     0–    60s] ось Z   16.0 цикл/мин  полоса   53%  ампл    7.9 мг  ок
  [    30–    90s] ось Z   15.0 цикл/мин  полоса   49%  ампл    5.1 мг  ок
  [    60–   120s] ось Z   30.0 цикл/мин  полоса   55%  ампл    5.9 мг  ок
  [    90–   150s] ось Z   16.0 цикл/мин  полоса   37%  ампл    5.4 мг  ок
  [   120–   180s] ось Z   35.0 цикл/мин  полоса   33%  ампл    5.2 мг  ок
  [   150–   210s] ось Z   18.0 цикл/мин  полоса   21%  ампл    5.1 мг  ок

Итог по 6/6 спокойным окнам: медиана 17.0 цикл/мин (разброс 15.0–35.0).
Сверить с тем, как Роман дышал в эти секунды.
