Ищу датчик…
Нашёл: Polar H10 09A69738 [24:AC:AC:09:A6:97]
Сопряжение (bluetoothctl): да
Связь: подключено ✓
Сервис PMD: есть
Характеристика control point: свойства=[read,write,indicate]
Характеристика data: свойства=[notify]

=== Маска возможностей и договор о частоте акселерометра ===
control ← 0f05000000000000000000000000000000
чтение control point (возможности): 0f05000000000000000000000000000000
акселерометр в маске возможностей: ['ЭКГ', 'акселерометр']
control ← f0010200000004190032006400c800010110000203020004000800
ответ на запрос настроек, первый кадр: f0010200000004190032006400c800010110000203020004000800
настройки, объявленные устройством: sample rate (Гц)=[25, 50, 100, 200], resolution (бит)=[16], range (g)=[2, 4, 8]
control ← f00202000001
команда старта 0202000119000101100002010800: статус=0 (SUCCESS), кадров данных за 1.2s=0 → принято
data кадр #1: 226 байт, тип=0x01, отсчётов=36, hex=021ec6fc635844520801fbfb2600dcfe05fc3e00a4fe2afc1f0010febdfb440019fec8fa3400c9fde8f9a2ff78fd06f8660065fd27f75800ecfc46f88bff50fe5ff9e1ff1ffe9dfa4c00cafd8bfb1b0077fe17fc2c0090fe5cfc3b0035fe04fd3c006ffea7fc25004ffe87fcb9ffd6fea2fcb8ff46febbfc10000affc3fb810085fed6fb4100adfeaefc2a0007ff45fdceff3dffd5fdaaff24ff4ffeb6ff50ffd5fe020035ffacfe2100f5fed9fd010037ff79fdc2ff49ffb9fcc2ffb6fe9afc24009bfedbfbefffa2ff9ffce7ff82ffa6fd3500c0fe6dfe33000aff…(+6 байт)
вариант 1 (подписка до старта) сработал за 5с после старта, кадров=1

Частота принята устройством: 25 Гц

=== Поток данных, 240 с ===
data кадр #2: 226 байт, тип=0x01, отсчётов=36, hex=0248821cb8584452080154fea1ff1dff13fe0c003affc3fd230094fe2afd200004fffdfcb30040fe6ffc83002afec7fbdcff4dfeeefbc2ffbbfee3fb3a0048fe3bfb5c0033fedafa39009afd5bfacfffdafdb6f89800cefde1f73e0082fdd2f74bffdefd5ff916002bfe33fa310025fe4efb3d006afe0afc3400a8fe8ffc5200befeaefc1b0092febefc250052fed5fce6ffcefec6fcf4ffa7fef7fc2b00bcfe44fc1400dffec9fb2400b7fe53fc3e00f7fe11fd3e00e0fe6bfdd7fff7fe7bfdc4ff50ffb8fd0e005eff16fe26002eff36feedff1aff97fdc6ff17ff…(+6 байт)
[ 16.7s] кадров всего: 2, отсчётов всего: 72
data кадр #3: 226 байт, тип=0x01, отсчётов=36, hex=02b23a430c594452080194fdb4ff78feacfc12006ffe7cfc4e00cbfe7dfd2700fcfe1bfe140007ff73fea3ff72ff66feb4ff2efff2fddfff2aff45fd2d00dafe17fdb70083fec2fc700080fed6fcbcff8efe84fc80ff60fe8ffc550008fe0cfc720052fe22fbc2ff7afee9faf6fffdfd0cfb2b00a6fd9af839005cfd15f746007dfcfff794ff7cfdbdf895ff36fd77fa6000a3fd4bfbe9ff74fe48fc90002efee4fc7c006bfe1cfd0d009efed5fcfaffc2fed3fc050066fe10fdc0ff6ffeaafc3600c9fe52fc8300f1fe36fc4700c6fe0ffc0500d1fe6ffcd1ff09ff…(+6 байт)
[ 17.7s] кадров всего: 3, отсчётов всего: 108
[ 18.7s] кадров всего: 3, отсчётов всего: 108
[ 20.7s] кадров всего: 5, отсчётов всего: 180
[ 25.7s] кадров всего: 8, отсчётов всего: 288
[ 30.7s] кадров всего: 12, отсчётов всего: 432
[ 35.7s] кадров всего: 15, отсчётов всего: 540
[ 40.7s] кадров всего: 19, отсчётов всего: 684
[ 45.7s] кадров всего: 23, отсчётов всего: 828
[ 50.7s] кадров всего: 26, отсчётов всего: 936
[ 55.7s] кадров всего: 30, отсчётов всего: 1080
[ 60.7s] кадров всего: 33, отсчётов всего: 1188
[ 65.8s] кадров всего: 37, отсчётов всего: 1332
[ 70.8s] кадров всего: 40, отсчётов всего: 1440
[ 75.8s] кадров всего: 44, отсчётов всего: 1584
[ 80.8s] кадров всего: 47, отсчётов всего: 1692
[ 85.8s] кадров всего: 51, отсчётов всего: 1836
[ 90.8s] кадров всего: 54, отсчётов всего: 1944
[ 95.8s] кадров всего: 58, отсчётов всего: 2088
[100.8s] кадров всего: 62, отсчётов всего: 2232
[105.8s] кадров всего: 65, отсчётов всего: 2340
[110.8s] кадров всего: 69, отсчётов всего: 2484
[115.8s] кадров всего: 72, отсчётов всего: 2592
[120.8s] кадров всего: 76, отсчётов всего: 2736
[125.8s] кадров всего: 79, отсчётов всего: 2844
[130.8s] кадров всего: 83, отсчётов всего: 2988
[135.8s] кадров всего: 86, отсчётов всего: 3096
[140.8s] кадров всего: 90, отсчётов всего: 3240
[145.9s] кадров всего: 93, отсчётов всего: 3348
[150.9s] кадров всего: 97, отсчётов всего: 3492
[155.9s] кадров всего: 101, отсчётов всего: 3636
[160.9s] кадров всего: 104, отсчётов всего: 3744
[165.9s] кадров всего: 108, отсчётов всего: 3888
[170.9s] кадров всего: 111, отсчётов всего: 3996
[175.9s] кадров всего: 115, отсчётов всего: 4140
[180.9s] кадров всего: 118, отсчётов всего: 4248
[185.9s] кадров всего: 122, отсчётов всего: 4392
[190.9s] кадров всего: 125, отсчётов всего: 4500
[195.9s] кадров всего: 129, отсчётов всего: 4644
[200.9s] кадров всего: 132, отсчётов всего: 4752
[205.9s] кадров всего: 136, отсчётов всего: 4896
[210.9s] кадров всего: 140, отсчётов всего: 5040
[215.9s] кадров всего: 143, отсчётов всего: 5148
[220.9s] кадров всего: 147, отсчётов всего: 5292
[225.9s] кадров всего: 150, отсчётов всего: 5400
[231.0s] кадров всего: 154, отсчётов всего: 5544
[236.0s] кадров всего: 157, отсчётов всего: 5652
[240.0s] кадров всего: 160, отсчётов всего: 5760
control ← f003020000

Дамп отсчётов: /home/roman/breath_run3.csv (5760 строк)

Итого за 240.1s: кадров 160, отсчётов 5760 (из них в пачках для БД: 5760)
фактическая частота (по кадрам потока): 25.5 Гц (запрошено 25 Гц, окно измерения 224.4s из 240.1s общего времени команды)

По осям (мг):
  X: среднее     -953  разброс   136.6  диапазон [-2452, -200]
  Y: среднее      -58  разброс    40.1  диапазон [-298, 283]
  Z: среднее       77  разброс   190.7  диапазон [-1243, 270]

Диагностика дыхания (не метрика, только для проверки на слух/на глаз): ось Z, 3.0 цикл/мин, доля дыхательной полосы в мощности 26%.
Оценка квантована шагом 1.0 цикл/мин (окно 60с).
Сверить с тем, как Роман дышал в эти секунды.
